Professional Docker Benchmark: Multi-Stage vs Single-Stage
Date: Fri May 22 23:06:13 EEST 2026
Cold iterations : 7 | Hot warmup: 7 (discarded) | Hot measured: 7
Resource limits : --cpuset-cpus=0,1 --memory=4g (all builds)
Order           : randomised per iteration
==================================================
Pre-pulling base images to eliminate network bias...
Done.
--------------------------------------------------
Cold Build Benchmark (7 iterations, --no-cache)...
  [frontend              ] Cold Multi   | Mean: 205.73s ±115.06s
  [frontend              ] Cold Single  | Mean: 203.93s ±158.93s

  [user-service          ] Cold Multi   | Mean:  85.29s ±82.31s
  [user-service          ] Cold Single  | Mean: 135.22s ±97.14s

  [contract-service      ] Cold Multi   | Mean:  75.15s ±124.26s
  [contract-service      ] Cold Single  | Mean:  73.47s ±117.65s

  [negotiation-service   ] Cold Multi   | Mean:   0.25s ± 0.02s
  [negotiation-service   ] Cold Single  | Mean:   0.24s ± 0.01s

  [client-service        ] Cold Multi   | Mean:   0.25s ± 0.02s
  [client-service        ] Cold Single  | Mean:   0.24s ± 0.01s

  [notification-service  ] Cold Multi   | Mean:   0.26s ± 0.02s
  [notification-service  ] Cold Single  | Mean:   0.26s ± 0.01s

--------------------------------------------------
Pre-populating caches before hot benchmark...
Caches ready.
--------------------------------------------------
Hot Rebuild Benchmark (iteration 1 = warmup, discarded)...
--- Warmup (discarded) ---
--- Warmup (discarded) ---
--- Warmup (discarded) ---
--- Warmup (discarded) ---
--- Warmup (discarded) ---
--- Warmup (discarded) ---
--- Warmup (discarded) ---
--- Iteration 1 of 7 ---
  [frontend              ] single | Time:   0.26s | CachedLayers:  0
  [frontend              ] multi  | Time:   0.26s | CachedLayers:  0
  [user-service          ] single | Time:   0.25s | CachedLayers:  0
  [user-service          ] multi  | Time:   0.25s | CachedLayers:  0
  [contract-service      ] single | Time:   0.25s | CachedLayers:  0
  [contract-service      ] multi  | Time:   0.25s | CachedLayers:  0
  [negotiation-service   ] multi  | Time:   0.27s | CachedLayers:  0
  [negotiation-service   ] single | Time:   0.24s | CachedLayers:  0
  [client-service        ] single | Time:   0.25s | CachedLayers:  0
  [client-service        ] multi  | Time:   0.26s | CachedLayers:  0
  [notification-service  ] multi  | Time:   0.25s | CachedLayers:  0
  [notification-service  ] single | Time:   0.26s | CachedLayers:  0
--- Iteration 2 of 7 ---
  [frontend              ] single | Time:   0.26s | CachedLayers:  0
  [frontend              ] multi  | Time:   0.24s | CachedLayers:  0
  [user-service          ] multi  | Time:   0.27s | CachedLayers:  0
  [user-service          ] single | Time:   0.26s | CachedLayers:  0
  [contract-service      ] multi  | Time:   0.24s | CachedLayers:  0
  [contract-service      ] single | Time:   0.28s | CachedLayers:  0
  [negotiation-service   ] single | Time:   0.27s | CachedLayers:  0
  [negotiation-service   ] multi  | Time:   0.27s | CachedLayers:  0
  [client-service        ] multi  | Time:   0.26s | CachedLayers:  0
  [client-service        ] single | Time:   0.26s | CachedLayers:  0
  [notification-service  ] multi  | Time:   0.26s | CachedLayers:  0
  [notification-service  ] single | Time:   0.25s | CachedLayers:  0
--- Iteration 3 of 7 ---
  [frontend              ] single | Time:   0.26s | CachedLayers:  0
  [frontend              ] multi  | Time:   0.26s | CachedLayers:  0
  [user-service          ] single | Time:   0.25s | CachedLayers:  0
  [user-service          ] multi  | Time:   0.26s | CachedLayers:  0
  [contract-service      ] multi  | Time:   0.27s | CachedLayers:  0
  [contract-service      ] single | Time:   0.27s | CachedLayers:  0
  [negotiation-service   ] single | Time:   0.26s | CachedLayers:  0
  [negotiation-service   ] multi  | Time:   0.25s | CachedLayers:  0
  [client-service        ] multi  | Time:   0.27s | CachedLayers:  0
  [client-service        ] single | Time:   0.24s | CachedLayers:  0
  [notification-service  ] multi  | Time:   0.24s | CachedLayers:  0
  [notification-service  ] single | Time:   0.25s | CachedLayers:  0
--- Iteration 4 of 7 ---
  [frontend              ] single | Time:   0.25s | CachedLayers:  0
  [frontend              ] multi  | Time:   0.25s | CachedLayers:  0
  [user-service          ] single | Time:   0.26s | CachedLayers:  0
  [user-service          ] multi  | Time:   0.27s | CachedLayers:  0
  [contract-service      ] single | Time:   0.28s | CachedLayers:  0
  [contract-service      ] multi  | Time:   0.30s | CachedLayers:  0
  [negotiation-service   ] multi  | Time:   0.25s | CachedLayers:  0
  [negotiation-service   ] single | Time:   0.26s | CachedLayers:  0
  [client-service        ] multi  | Time:   0.24s | CachedLayers:  0
  [client-service        ] single | Time:   0.25s | CachedLayers:  0
  [notification-service  ] multi  | Time:   0.28s | CachedLayers:  0
  [notification-service  ] single | Time:   0.25s | CachedLayers:  0
--- Iteration 5 of 7 ---
  [frontend              ] multi  | Time:   0.28s | CachedLayers:  0
  [frontend              ] single | Time:   0.32s | CachedLayers:  0
  [user-service          ] multi  | Time:   0.27s | CachedLayers:  0
  [user-service          ] single | Time:   0.26s | CachedLayers:  0
  [contract-service      ] multi  | Time:   0.25s | CachedLayers:  0
  [contract-service      ] single | Time:   0.24s | CachedLayers:  0
  [negotiation-service   ] single | Time:   0.26s | CachedLayers:  0
  [negotiation-service   ] multi  | Time:   0.25s | CachedLayers:  0
  [client-service        ] single | Time:   0.25s | CachedLayers:  0
  [client-service        ] multi  | Time:   0.27s | CachedLayers:  0
  [notification-service  ] multi  | Time:   0.25s | CachedLayers:  0
  [notification-service  ] single | Time:   0.26s | CachedLayers:  0
--- Iteration 6 of 7 ---
  [frontend              ] single | Time:   0.24s | CachedLayers:  0
  [frontend              ] multi  | Time:   0.25s | CachedLayers:  0
  [user-service          ] multi  | Time:   0.26s | CachedLayers:  0
  [user-service          ] single | Time:   0.24s | CachedLayers:  0
  [contract-service      ] multi  | Time:   0.25s | CachedLayers:  0
  [contract-service      ] single | Time:   0.27s | CachedLayers:  0
  [negotiation-service   ] single | Time:   0.24s | CachedLayers:  0
  [negotiation-service   ] multi  | Time:   0.26s | CachedLayers:  0
  [client-service        ] multi  | Time:   0.25s | CachedLayers:  0
  [client-service        ] single | Time:   0.23s | CachedLayers:  0
  [notification-service  ] multi  | Time:   0.25s | CachedLayers:  0
  [notification-service  ] single | Time:   0.25s | CachedLayers:  0
--- Iteration 7 of 7 ---
  [frontend              ] multi  | Time:   0.26s | CachedLayers:  0
  [frontend              ] single | Time:   0.25s | CachedLayers:  0
  [user-service          ] multi  | Time:   0.25s | CachedLayers:  0
  [user-service          ] single | Time:   0.24s | CachedLayers:  0
  [contract-service      ] multi  | Time:   0.25s | CachedLayers:  0
  [contract-service      ] single | Time:   0.25s | CachedLayers:  0
  [negotiation-service   ] multi  | Time:   0.25s | CachedLayers:  0
  [negotiation-service   ] single | Time:   0.25s | CachedLayers:  0
  [client-service        ] multi  | Time:   0.26s | CachedLayers:  0
  [client-service        ] single | Time:   0.28s | CachedLayers:  0
  [notification-service  ] single | Time:   0.28s | CachedLayers:  0
  [notification-service  ] multi  | Time:   0.25s | CachedLayers:  0
--------------------------------------------------
Static Image Analysis (size, layers, packages, CVEs)...
  [frontend              ] multi  | Size: 311MB    | Layers: 22 | Pkgs:  18 | CVEs(C+H): N/A | CVEs(M): N/A
  [frontend              ] single | Size: 3.25GB   | Layers: 31 | Pkgs:  18 | CVEs(C+H): N/A | CVEs(M): N/A

  [user-service          ] multi  | Size: 557MB    | Layers: 20 | Pkgs:  76 | CVEs(C+H): N/A | CVEs(M): N/A
  [user-service          ] single | Size: 1.37GB   | Layers: 24 | Pkgs:  99 | CVEs(C+H): N/A | CVEs(M): N/A

  [contract-service      ] multi  | Size: 2.16GB   | Layers: 25 | Pkgs: 330 | CVEs(C+H): N/A | CVEs(M): N/A
  [contract-service      ] single | Size: 2.96GB   | Layers: 29 | Pkgs: 340 | CVEs(C+H): N/A | CVEs(M): N/A

  [negotiation-service   ] multi  | Size: 561MB    | Layers: 20 | Pkgs:  76 | CVEs(C+H): N/A | CVEs(M): N/A
  [negotiation-service   ] single | Size: 1.38GB   | Layers: 24 | Pkgs:  99 | CVEs(C+H): N/A | CVEs(M): N/A

  [client-service        ] multi  | Size: 557MB    | Layers: 20 | Pkgs:  76 | CVEs(C+H): N/A | CVEs(M): N/A
  [client-service        ] single | Size: 1.37GB   | Layers: 24 | Pkgs:  99 | CVEs(C+H): N/A | CVEs(M): N/A

  [notification-service  ] multi  | Size: 394MB    | Layers: 20 | Pkgs:  47 | CVEs(C+H): N/A | CVEs(M): N/A
  [notification-service  ] single | Size: 1.06GB   | Layers: 24 | Pkgs:  71 | CVEs(C+H): N/A | CVEs(M): N/A

--------------------------------------------------
Registry Push/Pull Latency (local registry at localhost:5001)...
  [frontend              ] multi  | Push:  30.13s | Pull:  30.18s
  [frontend              ] single | Push:  30.16s | Pull:  30.14s

  [user-service          ] multi  | Push:  30.20s | Pull:  30.16s
  [user-service          ] single | Push:  30.23s | Pull:  30.19s

  [contract-service      ] multi  | Push:  30.19s | Pull:  30.17s
  [contract-service      ] single | Push:  30.18s | Pull:  30.15s

  [negotiation-service   ] multi  | Push:  30.17s | Pull:  30.17s
  [negotiation-service   ] single | Push:  30.17s | Pull:  30.14s

  [client-service        ] multi  | Push:  30.18s | Pull:  30.16s
  [client-service        ] single | Push:  30.15s | Pull:  30.17s

  [notification-service  ] multi  | Push:  30.19s | Pull:  30.16s
  [notification-service  ] single | Push:  30.15s | Pull:  30.16s

--------------------------------------------------
Hot Rebuild Summary — mean ± stddev over 7 measured iterations:
  [frontend              ] multi  | Mean:   0.26s ± 0.01s
  [frontend              ] single | Mean:   0.26s ± 0.02s
  [user-service          ] multi  | Mean:   0.26s ± 0.01s
  [user-service          ] single | Mean:   0.25s ± 0.01s
  [contract-service      ] multi  | Mean:   0.26s ± 0.02s
  [contract-service      ] single | Mean:   0.26s ± 0.02s
  [negotiation-service   ] multi  | Mean:   0.26s ± 0.01s
  [negotiation-service   ] single | Mean:   0.25s ± 0.01s
  [client-service        ] multi  | Mean:   0.26s ± 0.01s
  [client-service        ] single | Mean:   0.25s ± 0.01s
  [notification-service  ] multi  | Mean:   0.25s ± 0.01s
  [notification-service  ] single | Mean:   0.26s ± 0.01s
==================================================
